exports["@view-builder/view-util prepareViewPointer IRI dimension with single source does not generate joins for when dimension is not sh:IRI"] = "SELECT DISTINCT ?dimension0 WHERE {\n  <https://ld.stadt-zuerich.ch/statistics/000003> <https://cube.link/observationSet> ?observationSet0 .\n  ?observationSet0 <https://cube.link/observation> ?source0 .\n  ?source0 <https://ld.stadt-zuerich.ch/statistics/property/RAUM> ?dimension0 .\n}\nGROUP BY ?dimension0";

exports["@view-builder/view-util prepareViewPointer IRI dimension with single source when dimension is sh:IRI generates a join for schema:name and schema:termCode when dimension is sh:IRI"] = "SELECT DISTINCT ?dimension0 ?dimension1 ?dimension2 WHERE {\n  <https://ld.stadt-zuerich.ch/statistics/000003> <https://cube.link/observationSet> ?observationSet0 .\n  ?observationSet0 <https://cube.link/observation> ?source0 .\n  ?source0 <https://ld.stadt-zuerich.ch/statistics/property/RAUM> ?dimension0 .\n  ?dimension0 <http://schema.org/name> ?dimension1 .\n  ?dimension0 <http://schema.org/termCode> ?dimension2 .\n}\nGROUP BY ?dimension0 ?dimension1 ?dimension2";

exports["@view-builder/view-util prepareViewPointer IRI dimension with multiple sources generates a join for schema:name and schema:termCode when dimension is sh:IRI"] = "SELECT DISTINCT ?dimension0 ?dimension1 ?dimension2 WHERE {\n  <https://ld.stadt-zuerich.ch/statistics/000003> <https://cube.link/observationSet> ?observationSet0 .\n  ?observationSet0 <https://cube.link/observation> ?source0 .\n  <https://ld.stadt-zuerich.ch/statistics/000015> <https://cube.link/observationSet> ?observationSet1 .\n  ?observationSet1 <https://cube.link/observation> ?source1 .\n  ?source0 <https://ld.stadt-zuerich.ch/statistics/property/RAUM> ?dimension0 .\n  ?source1 <https://ld.stadt-zuerich.ch/statistics/property/RAUM> ?dimension0 .\n  ?dimension0 <http://schema.org/name> ?dimension1 .\n  ?dimension0 <http://schema.org/termCode> ?dimension2 .\n}\nGROUP BY ?dimension0 ?dimension1 ?dimension2";

